resources/js/Components/auth/DarkSignup.tsx(145,62): error TS2339: Property 'length' does not exist on type 'never'.
resources/js/Components/budget/PocketList.tsx(37,21): error TS2322: Type '{ key: any; pocket: any; onEdit: (pocket: any) => void; onArchive: (id: number) => void; onDelete: (id: number) => void; onAllocate: (id: number) => void; onRefund: ((id: number, amount: number) => void) | undefined; onSaveEdit: ((id: number, data: { ...; }) => void) | undefined; }' is not assignable to type 'IntrinsicAttributes & PocketCardProps'.
  Property 'onSaveEdit' does not exist on type 'IntrinsicAttributes & PocketCardProps'.
resources/js/Components/dashboard/ChartsSection.tsx(42,37): error TS2339: Property 'safe_balance' does not exist on type 'never'.
resources/js/Components/dashboard/ChartsSection.tsx(43,40): error TS2339: Property 'allocated_balance' does not exist on type 'never'.
resources/js/Components/expenses/ExpenseFilters.tsx(100,20): error TS2339: Property 'name' does not exist on type 'never'.
resources/js/Components/ui/Toast.tsx(155,22): error TS2322: Type '() => React.JSX.Element' is not assignable to type 'Renderable'.
resources/js/Pages/AddFunds.tsx(39,73): error TS2344: Type 'PageProps' does not satisfy the constraint 'import("C:/Users/tdyal/Documents/Projects/LedgerLeaf/node_modules/@inertiajs/core/types/types").PageProps'.
  Index signature for type 'string' is missing in type 'PageProps'.
resources/js/Pages/AddFunds.tsx(119,27): error TS2353: Object literal may only specify known properties, and 'preserveState' does not exist in type 'ReloadOptions<RequestPayload>'.
resources/js/Pages/AddFunds.tsx(163,11): error TS2322: Type '{ title: string; onMenuToggle: () => void; showBackButton: true; onBack: () => void; }' is not assignable to type 'IntrinsicAttributes & TopNavProps'.
  Property 'showBackButton' does not exist on type 'IntrinsicAttributes & TopNavProps'.
resources/js/Pages/Analytics/Index.tsx(32,30): error TS2344: Type 'PageProps' does not satisfy the constraint 'import("C:/Users/tdyal/Documents/Projects/LedgerLeaf/node_modules/@inertiajs/core/types/types").PageProps'.
  Index signature for type 'string' is missing in type 'PageProps'.
resources/js/Pages/Analytics/Index.tsx(94,51): error TS2339: Property 'income' does not exist on type 'never'.
resources/js/Pages/Analytics/Index.tsx(94,74): error TS2339: Property 'expenses' does not exist on type 'never'.
resources/js/Pages/Analytics/Index.tsx(94,99): error TS2339: Property 'savings' does not exist on type 'never'.
resources/js/Pages/Analytics/Index.tsx(165,65): error TS2322: Type 'null' is not assignable to type '{ total_saved: number; total_target: number; completed_goals: number; active_goals: number; savings_rate: number; progress_percentage: number; }'.
resources/js/Pages/Analytics/Index.tsx(175,62): error TS2322: Type 'null' is not assignable to type '{ total_transactions: number; average_expense: number; largest_expense: number; smallest_expense: number; active_pockets: number; completed_goals: number; }'.
resources/js/Pages/Auth/Login.tsx(24,9): error TS2322: Type '{ onSuccess: () => void; onNavigateToSignUp: () => void; }' is not assignable to type 'IntrinsicAttributes & DarkLoginProps'.
  Property 'onSuccess' does not exist on type 'IntrinsicAttributes & DarkLoginProps'.
resources/js/Pages/Budget/Index.tsx(72,30): error TS2344: Type 'PageProps' does not satisfy the constraint 'import("C:/Users/tdyal/Documents/Projects/LedgerLeaf/node_modules/@inertiajs/core/types/types").PageProps'.
  Index signature for type 'string' is missing in type 'PageProps'.
resources/js/Pages/Budget/Index.tsx(161,22): error TS2339: Property 'safe_balance' does not exist on type 'never'.
resources/js/Pages/Budget/Index.tsx(161,61): error TS2339: Property 'safe_balance' does not exist on type 'never'.
resources/js/Pages/Budget/Index.tsx(162,43): error TS2339: Property 'safe_balance' does not exist on type 'never'.
resources/js/Pages/Budget/Index.tsx(225,38): error TS2339: Property 'allocated' does not exist on type 'never'.
resources/js/Pages/Budget/Index.tsx(225,58): error TS2339: Property 'spent' does not exist on type 'never'.
resources/js/Pages/Budget/Index.tsx(230,67): error TS2339: Property 'name' does not exist on type 'never'.
resources/js/Pages/Budget/Index.tsx(255,38): error TS2339: Property 'allocated' does not exist on type 'never'.
resources/js/Pages/Budget/Index.tsx(255,58): error TS2339: Property 'spent' does not exist on type 'never'.
resources/js/Pages/Budget/Index.tsx(260,78): error TS2339: Property 'name' does not exist on type 'never'.
resources/js/Pages/Budget/Index.tsx(465,78): error TS2339: Property 'budget_health' does not exist on type 'never'.
resources/js/Pages/Budget/Index.tsx(476,74): error TS2339: Property 'budget_health' does not exist on type 'never'.
resources/js/Pages/Dashboard.tsx(80,90): error TS2344: Type 'PageProps' does not satisfy the constraint 'import("C:/Users/tdyal/Documents/Projects/LedgerLeaf/node_modules/@inertiajs/core/types/types").PageProps'.
  The types of 'auth.user.email_verified_at' are incompatible between these types.
    Type 'string | null | undefined' is not assignable to type 'string | undefined'.
      Type 'null' is not assignable to type 'string | undefined'.
resources/js/Pages/Dashboard.tsx(239,42): error TS2322: Type '{ stats: { id: number; title: string; value: string; icon: string; trend: string; trendUp: boolean; source: string; rawValue: number; }[]; loading: boolean; }' is not assignable to type 'IntrinsicAttributes & StatsGridProps'.
  Property 'loading' does not exist on type 'IntrinsicAttributes & StatsGridProps'.
resources/js/Pages/Dashboard.tsx(243,15): error TS2322: Type '{ spendingData: { labels: string[]; values: number[]; colors: string[]; }; monthlyData: { labels: string[]; values: number[]; }; savingsData: { labels: string[]; values: number[]; colors: string[]; }; }' is not assignable to type 'IntrinsicAttributes & ChartsSectionProps'.
  Property 'spendingData' does not exist on type 'IntrinsicAttributes & ChartsSectionProps'.
resources/js/Pages/Dashboard.tsx(253,19): error TS2322: Type '{ categories: { id: number; name: string; icon: string; color: string; allocated: number; spent: number; remaining: number; budget_id: number; category_id: number; budget_name: string; }[]; onManage: () => void; }' is not assignable to type 'IntrinsicAttributes & BudgetCategoriesProps'.
  Property 'categories' does not exist on type 'IntrinsicAttributes & BudgetCategoriesProps'.
resources/js/Pages/Expenses/Archived.tsx(32,30): error TS2344: Type 'PageProps' does not satisfy the constraint 'import("C:/Users/tdyal/Documents/Projects/LedgerLeaf/node_modules/@inertiajs/core/types/types").PageProps'.
  Index signature for type 'string' is missing in type 'PageProps'.
resources/js/Pages/Expenses/Archived.tsx(77,68): error TS2339: Property 'description' does not exist on type 'never'.
resources/js/Pages/Expenses/Archived.tsx(98,79): error TS2339: Property 'description' does not exist on type 'never'.
resources/js/Pages/Expenses/Index.tsx(36,30): error TS2344: Type 'PageProps' does not satisfy the constraint 'import("C:/Users/tdyal/Documents/Projects/LedgerLeaf/node_modules/@inertiajs/core/types/types").PageProps'.
  Index signature for type 'string' is missing in type 'PageProps'.
resources/js/Pages/Expenses/Index.tsx(196,68): error TS2339: Property 'description' does not exist on type 'never'.
resources/js/Pages/Expenses/Index.tsx(222,79): error TS2339: Property 'description' does not exist on type 'never'.
resources/js/Pages/Expenses/Index.tsx(339,33): error TS2322: Type '{ date_range: string; search: string; sort_by: string; page: number; per_page: number; }' is not assignable to type 'ExpenseFiltersType'.
  Types of property 'date_range' are incompatible.
    Type 'string' is not assignable to type '"this_month" | "today" | "this_week" | "last_3_months" | "custom" | undefined'.
resources/js/Pages/Expenses/Index.tsx(391,71): error TS2339: Property 'total' does not exist on type 'never'.
resources/js/Pages/Expenses/Index.tsx(394,77): error TS2339: Property 'from' does not exist on type 'never'.
resources/js/Pages/Expenses/Index.tsx(394,98): error TS2339: Property 'to' does not exist on type 'never'.
resources/js/Pages/Expenses/Index.tsx(394,117): error TS2339: Property 'total' does not exist on type 'never'.
resources/js/Pages/Expenses/Index.tsx(398,104): error TS2339: Property 'current_page' does not exist on type 'never'.
resources/js/Pages/Expenses/Index.tsx(399,82): error TS2339: Property 'current_page' does not exist on type 'never'.
resources/js/Pages/Expenses/Index.tsx(405,90): error TS2339: Property 'last_page' does not exist on type 'never'.
resources/js/Pages/Expenses/Index.tsx(407,88): error TS2339: Property 'current_page' does not exist on type 'never'.
resources/js/Pages/Expenses/Index.tsx(408,85): error TS2339: Property 'last_page' does not exist on type 'never'.
resources/js/Pages/Expenses/Index.tsx(408,107): error TS2339: Property 'current_page' does not exist on type 'never'.
resources/js/Pages/Expenses/Index.tsx(415,93): error TS2339: Property 'current_page' does not exist on type 'never'.
resources/js/Pages/Expenses/Index.tsx(425,104): error TS2339: Property 'current_page' does not exist on type 'never'.
resources/js/Pages/Expenses/Index.tsx(426,82): error TS2339: Property 'current_page' does not exist on type 'never'.
resources/js/Pages/Expenses/Index.tsx(426,110): error TS2339: Property 'last_page' does not exist on type 'never'.
resources/js/Pages/HelpCenter.tsx(5,24): error TS1149: File name 'C:/Users/tdyal/Documents/Projects/LedgerLeaf/resources/js/Components/Help/HelpHeader.tsx' differs from already included file name 'C:/Users/tdyal/Documents/Projects/LedgerLeaf/resources/js/Components/help/HelpHeader.tsx' only in casing.
  The file is in the program because:
    Matched by include pattern 'resources/js/**/*.tsx' in 'C:/Users/tdyal/Documents/Projects/LedgerLeaf/tsconfig.json'
    Imported via '@/Components/Help/HelpHeader' from file 'C:/Users/tdyal/Documents/Projects/LedgerLeaf/resources/js/Pages/HelpCenter.tsx'
resources/js/Pages/HelpCenter.tsx(6,24): error TS1149: File name 'C:/Users/tdyal/Documents/Projects/LedgerLeaf/resources/js/Components/Help/HelpSearch.tsx' differs from already included file name 'C:/Users/tdyal/Documents/Projects/LedgerLeaf/resources/js/Components/help/HelpSearch.tsx' only in casing.
  The file is in the program because:
    Matched by include pattern 'resources/js/**/*.tsx' in 'C:/Users/tdyal/Documents/Projects/LedgerLeaf/tsconfig.json'
    Imported via '@/Components/Help/HelpSearch' from file 'C:/Users/tdyal/Documents/Projects/LedgerLeaf/resources/js/Pages/HelpCenter.tsx'
resources/js/Pages/HelpCenter.tsx(7,26): error TS1149: File name 'C:/Users/tdyal/Documents/Projects/LedgerLeaf/resources/js/Components/Help/AboutSection.tsx' differs from already included file name 'C:/Users/tdyal/Documents/Projects/LedgerLeaf/resources/js/Components/help/AboutSection.tsx' only in casing.
  The file is in the program because:
    Matched by include pattern 'resources/js/**/*.tsx' in 'C:/Users/tdyal/Documents/Projects/LedgerLeaf/tsconfig.json'
    Imported via '@/Components/Help/AboutSection' from file 'C:/Users/tdyal/Documents/Projects/LedgerLeaf/resources/js/Pages/HelpCenter.tsx'
resources/js/Pages/HelpCenter.tsx(8,28): error TS1149: File name 'C:/Users/tdyal/Documents/Projects/LedgerLeaf/resources/js/Components/Help/GettingStarted.tsx' differs from already included file name 'C:/Users/tdyal/Documents/Projects/LedgerLeaf/resources/js/Components/help/GettingStarted.tsx' only in casing.
  The file is in the program because:
    Matched by include pattern 'resources/js/**/*.tsx' in 'C:/Users/tdyal/Documents/Projects/LedgerLeaf/tsconfig.json'
    Imported via '@/Components/Help/GettingStarted' from file 'C:/Users/tdyal/Documents/Projects/LedgerLeaf/resources/js/Pages/HelpCenter.tsx'
resources/js/Pages/HelpCenter.tsx(9,24): error TS1149: File name 'C:/Users/tdyal/Documents/Projects/LedgerLeaf/resources/js/Components/Help/FAQSection.tsx' differs from already included file name 'C:/Users/tdyal/Documents/Projects/LedgerLeaf/resources/js/Components/help/FAQSection.tsx' only in casing.
  The file is in the program because:
    Matched by include pattern 'resources/js/**/*.tsx' in 'C:/Users/tdyal/Documents/Projects/LedgerLeaf/tsconfig.json'
    Imported via '@/Components/Help/FAQSection' from file 'C:/Users/tdyal/Documents/Projects/LedgerLeaf/resources/js/Pages/HelpCenter.tsx'
resources/js/Pages/HelpCenter.tsx(10,31): error TS1149: File name 'C:/Users/tdyal/Documents/Projects/LedgerLeaf/resources/js/Components/Help/FinancialConcepts.tsx' differs from already included file name 'C:/Users/tdyal/Documents/Projects/LedgerLeaf/resources/js/Components/help/FinancialConcepts.tsx' only in casing.
  The file is in the program because:
    Matched by include pattern 'resources/js/**/*.tsx' in 'C:/Users/tdyal/Documents/Projects/LedgerLeaf/tsconfig.json'
    Imported via '@/Components/Help/FinancialConcepts' from file 'C:/Users/tdyal/Documents/Projects/LedgerLeaf/resources/js/Pages/HelpCenter.tsx'
resources/js/Pages/HelpCenter.tsx(11,21): error TS1149: File name 'C:/Users/tdyal/Documents/Projects/LedgerLeaf/resources/js/Components/Help/AppInfo.tsx' differs from already included file name 'C:/Users/tdyal/Documents/Projects/LedgerLeaf/resources/js/Components/help/AppInfo.tsx' only in casing.
  The file is in the program because:
    Matched by include pattern 'resources/js/**/*.tsx' in 'C:/Users/tdyal/Documents/Projects/LedgerLeaf/tsconfig.json'
    Imported via '@/Components/Help/AppInfo' from file 'C:/Users/tdyal/Documents/Projects/LedgerLeaf/resources/js/Pages/HelpCenter.tsx'
resources/js/Pages/HelpCenter.tsx(12,28): error TS1149: File name 'C:/Users/tdyal/Documents/Projects/LedgerLeaf/resources/js/Components/Help/NavigationMenu.tsx' differs from already included file name 'C:/Users/tdyal/Documents/Projects/LedgerLeaf/resources/js/Components/help/NavigationMenu.tsx' only in casing.
  The file is in the program because:
    Matched by include pattern 'resources/js/**/*.tsx' in 'C:/Users/tdyal/Documents/Projects/LedgerLeaf/tsconfig.json'
    Imported via '@/Components/Help/NavigationMenu' from file 'C:/Users/tdyal/Documents/Projects/LedgerLeaf/resources/js/Pages/HelpCenter.tsx'
resources/js/Pages/HelpCenter.tsx(232,30): error TS2339: Property 'some' does not exist on type '{ frontend: string[]; backend: string[]; database: string[]; }'.
resources/js/Pages/HelpCenter.tsx(232,35): error TS7006: Parameter 't' implicitly has an 'any' type.
resources/js/Pages/HelpCenter.tsx(271,19): error TS2322: Type '{ onSearch: (query: string) => void; loading: boolean; value: string; }' is not assignable to type 'IntrinsicAttributes & HelpSearchProps'.
  Property 'value' does not exist on type 'IntrinsicAttributes & HelpSearchProps'.
resources/js/Pages/Landing.tsx(3,28): error TS1149: File name 'C:/Users/tdyal/Documents/Projects/LedgerLeaf/resources/js/Components/Landing/Navigation.tsx' differs from already included file name 'C:/Users/tdyal/Documents/Projects/LedgerLeaf/resources/js/Components/landing/Navigation.tsx' only in casing.
  The file is in the program because:
    Matched by include pattern 'resources/js/**/*.tsx' in 'C:/Users/tdyal/Documents/Projects/LedgerLeaf/tsconfig.json'
    Imported via '@/Components/Landing/Navigation' from file 'C:/Users/tdyal/Documents/Projects/LedgerLeaf/resources/js/Pages/Landing.tsx'
resources/js/Pages/Landing.tsx(4,22): error TS1149: File name 'C:/Users/tdyal/Documents/Projects/LedgerLeaf/resources/js/Components/Landing/Hero.tsx' differs from already included file name 'C:/Users/tdyal/Documents/Projects/LedgerLeaf/resources/js/Components/landing/Hero.tsx' only in casing.
  The file is in the program because:
    Matched by include pattern 'resources/js/**/*.tsx' in 'C:/Users/tdyal/Documents/Projects/LedgerLeaf/tsconfig.json'
    Imported via '@/Components/Landing/Hero' from file 'C:/Users/tdyal/Documents/Projects/LedgerLeaf/resources/js/Pages/Landing.tsx'
resources/js/Pages/Landing.tsx(5,26): error TS1149: File name 'C:/Users/tdyal/Documents/Projects/LedgerLeaf/resources/js/Components/Landing/Features.tsx' differs from already included file name 'C:/Users/tdyal/Documents/Projects/LedgerLeaf/resources/js/Components/landing/Features.tsx' only in casing.
  The file is in the program because:
    Matched by include pattern 'resources/js/**/*.tsx' in 'C:/Users/tdyal/Documents/Projects/LedgerLeaf/tsconfig.json'
    Imported via '@/Components/Landing/Features' from file 'C:/Users/tdyal/Documents/Projects/LedgerLeaf/resources/js/Pages/Landing.tsx'
resources/js/Pages/Landing.tsx(6,23): error TS1149: File name 'C:/Users/tdyal/Documents/Projects/LedgerLeaf/resources/js/Components/Landing/About.tsx' differs from already included file name 'C:/Users/tdyal/Documents/Projects/LedgerLeaf/resources/js/Components/landing/About.tsx' only in casing.
  The file is in the program because:
    Matched by include pattern 'resources/js/**/*.tsx' in 'C:/Users/tdyal/Documents/Projects/LedgerLeaf/tsconfig.json'
    Imported via '@/Components/Landing/About' from file 'C:/Users/tdyal/Documents/Projects/LedgerLeaf/resources/js/Pages/Landing.tsx'
resources/js/Pages/Landing.tsx(7,28): error TS1149: File name 'C:/Users/tdyal/Documents/Projects/LedgerLeaf/resources/js/Components/Landing/Statistics.tsx' differs from already included file name 'C:/Users/tdyal/Documents/Projects/LedgerLeaf/resources/js/Components/landing/Statistics.tsx' only in casing.
  The file is in the program because:
    Matched by include pattern 'resources/js/**/*.tsx' in 'C:/Users/tdyal/Documents/Projects/LedgerLeaf/tsconfig.json'
    Imported via '@/Components/Landing/Statistics' from file 'C:/Users/tdyal/Documents/Projects/LedgerLeaf/resources/js/Pages/Landing.tsx'
resources/js/Pages/Landing.tsx(8,21): error TS1149: File name 'C:/Users/tdyal/Documents/Projects/LedgerLeaf/resources/js/Components/Landing/CTA.tsx' differs from already included file name 'C:/Users/tdyal/Documents/Projects/LedgerLeaf/resources/js/Components/landing/CTA.tsx' only in casing.
  The file is in the program because:
    Matched by include pattern 'resources/js/**/*.tsx' in 'C:/Users/tdyal/Documents/Projects/LedgerLeaf/tsconfig.json'
    Imported via '@/Components/Landing/CTA' from file 'C:/Users/tdyal/Documents/Projects/LedgerLeaf/resources/js/Pages/Landing.tsx'
resources/js/Pages/Landing.tsx(9,24): error TS1149: File name 'C:/Users/tdyal/Documents/Projects/LedgerLeaf/resources/js/Components/Landing/Footer.tsx' differs from already included file name 'C:/Users/tdyal/Documents/Projects/LedgerLeaf/resources/js/Components/landing/Footer.tsx' only in casing.
  The file is in the program because:
    Matched by include pattern 'resources/js/**/*.tsx' in 'C:/Users/tdyal/Documents/Projects/LedgerLeaf/tsconfig.json'
    Imported via '@/Components/Landing/Footer' from file 'C:/Users/tdyal/Documents/Projects/LedgerLeaf/resources/js/Pages/Landing.tsx'
resources/js/Pages/Notifications/Index.tsx(6,30): error TS1149: File name 'C:/Users/tdyal/Documents/Projects/LedgerLeaf/resources/js/Components/Notifications/NotificationFeed.tsx' differs from already included file name 'C:/Users/tdyal/Documents/Projects/LedgerLeaf/resources/js/Components/notifications/NotificationFeed.tsx' only in casing.
  The file is in the program because:
    Matched by include pattern 'resources/js/**/*.tsx' in 'C:/Users/tdyal/Documents/Projects/LedgerLeaf/tsconfig.json'
    Imported via '@/Components/Notifications/NotificationFeed' from file 'C:/Users/tdyal/Documents/Projects/LedgerLeaf/resources/js/Pages/Notifications/Index.tsx'
resources/js/Pages/Notifications/Index.tsx(7,33): error TS1149: File name 'C:/Users/tdyal/Documents/Projects/LedgerLeaf/resources/js/Components/Notifications/NotificationSummary.tsx' differs from already included file name 'C:/Users/tdyal/Documents/Projects/LedgerLeaf/resources/js/Components/notifications/NotificationSummary.tsx' only in casing.
  The file is in the program because:
    Matched by include pattern 'resources/js/**/*.tsx' in 'C:/Users/tdyal/Documents/Projects/LedgerLeaf/tsconfig.json'
    Imported via '@/Components/Notifications/NotificationSummary' from file 'C:/Users/tdyal/Documents/Projects/LedgerLeaf/resources/js/Pages/Notifications/Index.tsx'
resources/js/Pages/Notifications/Index.tsx(8,33): error TS1149: File name 'C:/Users/tdyal/Documents/Projects/LedgerLeaf/resources/js/Components/Notifications/NotificationFilters.tsx' differs from already included file name 'C:/Users/tdyal/Documents/Projects/LedgerLeaf/resources/js/Components/notifications/NotificationFilters.tsx' only in casing.
  The file is in the program because:
    Matched by include pattern 'resources/js/**/*.tsx' in 'C:/Users/tdyal/Documents/Projects/LedgerLeaf/tsconfig.json'
    Imported via '@/Components/Notifications/NotificationFilters' from file 'C:/Users/tdyal/Documents/Projects/LedgerLeaf/resources/js/Pages/Notifications/Index.tsx'
resources/js/Pages/Notifications/Index.tsx(9,24): error TS1149: File name 'C:/Users/tdyal/Documents/Projects/LedgerLeaf/resources/js/Components/Notifications/EmptyState.tsx' differs from already included file name 'C:/Users/tdyal/Documents/Projects/LedgerLeaf/resources/js/Components/notifications/EmptyState.tsx' only in casing.
  The file is in the program because:
    Matched by include pattern 'resources/js/**/*.tsx' in 'C:/Users/tdyal/Documents/Projects/LedgerLeaf/tsconfig.json'
    Imported via '@/Components/Notifications/EmptyState' from file 'C:/Users/tdyal/Documents/Projects/LedgerLeaf/resources/js/Pages/Notifications/Index.tsx'
resources/js/Pages/Notifications/Index.tsx(52,26): error TS7006: Parameter 'prev' implicitly has an 'any' type.
resources/js/Pages/Notifications/Index.tsx(71,26): error TS7006: Parameter 'prev' implicitly has an 'any' type.
resources/js/Pages/Notifications/Index.tsx(89,26): error TS7006: Parameter 'prev' implicitly has an 'any' type.
resources/js/Pages/Notifications/Index.tsx(112,26): error TS7006: Parameter 'prev' implicitly has an 'any' type.
resources/js/Pages/Profile/Index.tsx(6,25): error TS1149: File name 'C:/Users/tdyal/Documents/Projects/LedgerLeaf/resources/js/Components/Profile/ProfileCard.tsx' differs from already included file name 'C:/Users/tdyal/Documents/Projects/LedgerLeaf/resources/js/Components/profile/ProfileCard.tsx' only in casing.
  The file is in the program because:
    Matched by include pattern 'resources/js/**/*.tsx' in 'C:/Users/tdyal/Documents/Projects/LedgerLeaf/tsconfig.json'
    Imported via '@/Components/Profile/ProfileCard' from file 'C:/Users/tdyal/Documents/Projects/LedgerLeaf/resources/js/Pages/Profile/Index.tsx'
resources/js/Pages/Profile/Index.tsx(7,31): error TS1149: File name 'C:/Users/tdyal/Documents/Projects/LedgerLeaf/resources/js/Components/Profile/FinancialOverview.tsx' differs from already included file name 'C:/Users/tdyal/Documents/Projects/LedgerLeaf/resources/js/Components/profile/FinancialOverview.tsx' only in casing.
  The file is in the program because:
    Matched by include pattern 'resources/js/**/*.tsx' in 'C:/Users/tdyal/Documents/Projects/LedgerLeaf/tsconfig.json'
    Imported via '@/Components/Profile/FinancialOverview' from file 'C:/Users/tdyal/Documents/Projects/LedgerLeaf/resources/js/Pages/Profile/Index.tsx'
resources/js/Pages/Profile/Index.tsx(8,32): error TS1149: File name 'C:/Users/tdyal/Documents/Projects/LedgerLeaf/resources/js/Components/Profile/ProfileInformation.tsx' differs from already included file name 'C:/Users/tdyal/Documents/Projects/LedgerLeaf/resources/js/Components/profile/ProfileInformation.tsx' only in casing.
  The file is in the program because:
    Matched by include pattern 'resources/js/**/*.tsx' in 'C:/Users/tdyal/Documents/Projects/LedgerLeaf/tsconfig.json'
    Imported via '@/Components/Profile/ProfileInformation' from file 'C:/Users/tdyal/Documents/Projects/LedgerLeaf/resources/js/Pages/Profile/Index.tsx'
resources/js/Pages/Profile/Index.tsx(9,33): error TS1149: File name 'C:/Users/tdyal/Documents/Projects/LedgerLeaf/resources/js/Components/Profile/ChangePasswordModal.tsx' differs from already included file name 'C:/Users/tdyal/Documents/Projects/LedgerLeaf/resources/js/Components/profile/ChangePasswordModal.tsx' only in casing.
  The file is in the program because:
    Matched by include pattern 'resources/js/**/*.tsx' in 'C:/Users/tdyal/Documents/Projects/LedgerLeaf/tsconfig.json'
    Imported via '@/Components/Profile/ChangePasswordModal' from file 'C:/Users/tdyal/Documents/Projects/LedgerLeaf/resources/js/Pages/Profile/Index.tsx'
resources/js/Pages/Profile/Index.tsx(10,29): error TS1149: File name 'C:/Users/tdyal/Documents/Projects/LedgerLeaf/resources/js/Components/Profile/AccountSettings.tsx' differs from already included file name 'C:/Users/tdyal/Documents/Projects/LedgerLeaf/resources/js/Components/profile/AccountSettings.tsx' only in casing.
  The file is in the program because:
    Matched by include pattern 'resources/js/**/*.tsx' in 'C:/Users/tdyal/Documents/Projects/LedgerLeaf/tsconfig.json'
    Imported via '@/Components/Profile/AccountSettings' from file 'C:/Users/tdyal/Documents/Projects/LedgerLeaf/resources/js/Pages/Profile/Index.tsx'
resources/js/Pages/Profile/Index.tsx(11,27): error TS1149: File name 'C:/Users/tdyal/Documents/Projects/LedgerLeaf/resources/js/Components/Profile/DeleteAccount.tsx' differs from already included file name 'C:/Users/tdyal/Documents/Projects/LedgerLeaf/resources/js/Components/profile/DeleteAccount.tsx' only in casing.
  The file is in the program because:
    Matched by include pattern 'resources/js/**/*.tsx' in 'C:/Users/tdyal/Documents/Projects/LedgerLeaf/tsconfig.json'
    Imported via '@/Components/Profile/DeleteAccount' from file 'C:/Users/tdyal/Documents/Projects/LedgerLeaf/resources/js/Pages/Profile/Index.tsx'
resources/js/Pages/Profile/Index.tsx(12,29): error TS1149: File name 'C:/Users/tdyal/Documents/Projects/LedgerLeaf/resources/js/Components/Profile/LoadingSkeleton.tsx' differs from already included file name 'C:/Users/tdyal/Documents/Projects/LedgerLeaf/resources/js/Components/profile/LoadingSkeleton.tsx' only in casing.
  The file is in the program because:
    Matched by include pattern 'resources/js/**/*.tsx' in 'C:/Users/tdyal/Documents/Projects/LedgerLeaf/tsconfig.json'
    Imported via '@/Components/Profile/LoadingSkeleton' from file 'C:/Users/tdyal/Documents/Projects/LedgerLeaf/resources/js/Pages/Profile/Index.tsx'
resources/js/Pages/Profile/Index.tsx(294,37): error TS2322: Type '{ onUpdateSettings: (settings: { dark_theme: boolean; email_notifications: boolean; }) => Promise<void>; onLogout: () => void; }' is not assignable to type 'IntrinsicAttributes'.
  Property 'onUpdateSettings' does not exist on type 'IntrinsicAttributes'.
resources/js/Pages/Savings/Index.tsx(48,97): error TS2344: Type 'PageProps' does not satisfy the constraint 'import("C:/Users/tdyal/Documents/Projects/LedgerLeaf/node_modules/@inertiajs/core/types/types").PageProps'.
  Index signature for type 'string' is missing in type 'PageProps'.
resources/js/Pages/Savings/Index.tsx(301,45): error TS2322: Type '{ goals: any[]; onViewGoal: (goal: any) => void; onEditGoal: (goal: any) => void; onArchiveGoal: (id: number) => void; onDeleteGoal: (id: number) => void; onDeposit: (goal: any) => void; onWithdraw: (goal: any) => void; isMobile: boolean; }' is not assignable to type 'IntrinsicAttributes & SavingsGoalListProps'.
  Property 'isMobile' does not exist on type 'IntrinsicAttributes & SavingsGoalListProps'.
resources/js/Pages/Transactions/Index.tsx(20,30): error TS2344: Type 'PageProps' does not satisfy the constraint 'import("C:/Users/tdyal/Documents/Projects/LedgerLeaf/node_modules/@inertiajs/core/types/types").PageProps'.
  Index signature for type 'string' is missing in type 'PageProps'.
resources/js/Pages/Transactions/Index.tsx(156,91): error TS2339: Property 'total' does not exist on type 'never'.
resources/js/Pages/Transactions/Index.tsx(161,51): error TS2339: Property 'by_action' does not exist on type 'never'.
resources/js/Pages/Transactions/Index.tsx(162,70): error TS2339: Property 'by_action' does not exist on type 'never'.
resources/js/Pages/Transactions/Index.tsx(168,91): error TS2339: Property 'by_action' does not exist on type 'never'.
resources/js/Pages/Transactions/Index.tsx(173,95): error TS2339: Property 'created_at' does not exist on type 'never'.
resources/js/Pages/Transactions/Index.tsx(309,55): error TS2339: Property 'last_page' does not exist on type 'never'.
resources/js/Pages/Transactions/Index.tsx(312,61): error TS2339: Property 'from' does not exist on type 'never'.
resources/js/Pages/Transactions/Index.tsx(312,82): error TS2339: Property 'to' does not exist on type 'never'.
resources/js/Pages/Transactions/Index.tsx(312,101): error TS2339: Property 'total' does not exist on type 'never'.
resources/js/Pages/Transactions/Index.tsx(316,88): error TS2339: Property 'current_page' does not exist on type 'never'.
resources/js/Pages/Transactions/Index.tsx(317,66): error TS2339: Property 'current_page' does not exist on type 'never'.
resources/js/Pages/Transactions/Index.tsx(322,83): error TS2339: Property 'last_page' does not exist on type 'never'.
resources/js/Pages/Transactions/Index.tsx(327,73): error TS2339: Property 'current_page' does not exist on type 'never'.
resources/js/Pages/Transactions/Index.tsx(336,88): error TS2339: Property 'current_page' does not exist on type 'never'.
resources/js/Pages/Transactions/Index.tsx(337,66): error TS2339: Property 'current_page' does not exist on type 'never'.
resources/js/Pages/Transactions/Index.tsx(337,94): error TS2339: Property 'last_page' does not exist on type 'never'.
